- Executing click...
✔ click at (2214, 72)
- Dumping layout…
hold1000 ['after-1000 created=49 live=9 peak=9 firstVisibleMs=70 images=0/0 pending=0 peak=0 failed=0 files=0'] ['47 / 1000']
FOCUS hold1000 ['|-> Text(Node*) id:24079 idstr:explorer-row:84f33ef6-a44d-4220-8cc4-7b895b71e421:/item-855 [Painted] childSize:0']
- Dumping layout…
sort ['after-1000 created=58 live=9 peak=9 firstVisibleMs=70 images=0/0 pending=0 peak=0 failed=0 files=0'] ['7 / 1000']
FOCUS sort ['|-> Text(Node*) id:24124 idstr:explorer-row:84f33ef6-a44d-4220-8cc4-7b895b71e421:/item-855 [Painted] childSize:0']
- Dumping layout…
hidden ['after-1000 created=58 live=9 peak=9 firstVisibleMs=70 images=0/0 pending=0 peak=0 failed=0 files=0'] ['7 / 956']
FOCUS hidden ['|-> Text(Node*) id:24124 idstr:explorer-row:84f33ef6-a44d-4220-8cc4-7b895b71e421:/item-855 [Painted] childSize:0']
- Dumping layout…
delete-focused ['after-1000 created=59 live=9 peak=9 firstVisibleMs=70 images=0/0 pending=0 peak=0 failed=0 files=0'] ['7 / 955']
FOCUS delete-focused ['|-> Text(Node*) id:24139 idstr:explorer-row:84f33ef6-a44d-4220-8cc4-7b895b71e421:/item-836 [Painted] childSize:0']
- Dumping layout…
refresh ['after-1000 created=59 live=9 peak=9 firstVisibleMs=70 images=0/0 pending=0 peak=0 failed=0 files=0'] ['7 / 955']
FOCUS refresh ['|-> Text(Node*) id:24139 idstr:explorer-row:84f33ef6-a44d-4220-8cc4-7b895b71e421:/item-836 [Painted] childSize:0']
- Dumping layout…
end ['after-1000 created=66 live=7 peak=9 firstVisibleMs=70 images=0/0 pending=0 peak=0 failed=0 files=0'] ['955 / 955']
FOCUS end ['|-> Text(Node*) id:24274 idstr:explorer-row:84f33ef6-a44d-4220-8cc4-7b895b71e421:/item-1 [Painted] childSize:0']
- Dumping layout…
end-hold ['after-1000 created=66 live=7 peak=9 firstVisibleMs=70 images=0/0 pending=0 peak=0 failed=0 files=0'] ['955 / 955']
FOCUS end-hold ['|-> Text(Node*) id:24274 idstr:explorer-row:84f33ef6-a44d-4220-8cc4-7b895b71e421:/item-1 [Painted] childSize:0']
- Dumping layout…
reverse-hold ['after-1000 created=112 live=9 peak=9 firstVisibleMs=70 images=0/0 pending=0 peak=0 failed=0 files=0'] ['905 / 955']
FOCUS reverse-hold ['|-> Text(Node*) id:25124 idstr:explorer-row:84f33ef6-a44d-4220-8cc4-7b895b71e421:/item-55 [Painted] childSize:0']
- Executing click...
✔ click at (1875, 72)
- Dumping layout…
- Executing click...
✔ click at (1578, 939)
- Dumping layout…
enter-folder ['after-100 created=14 live=7 peak=7 firstVisibleMs=31 images=0/0 pending=0 peak=0 failed=0 files=0'] ['1 / 100']
FOCUS enter-folder ['|-> Text(Node*) id:25346 idstr:explorer-row:fd8bb291-e06c-49a6-b7ea-9b03440f19c8:/item-0/item-0 childSize:0']
- Dumping layout…
return-folder ['after-100 created=21 live=7 peak=7 firstVisibleMs=31 images=0/0 pending=0 peak=0 failed=0 files=0'] ['1 / 100']
FOCUS return-folder ['|-> Text(Node*) id:25453 idstr:explorer-row:fd8bb291-e06c-49a6-b7ea-9b03440f19c8:/item-0 childSize:0']
- Dumping layout…
confirm-folder ['after-100 created=28 live=7 peak=7 firstVisibleMs=31 images=0/0 pending=0 peak=0 failed=0 files=0'] ['1 / 100']
FOCUS confirm-folder ['|-> Text(Node*) id:25565 idstr:explorer-row:fd8bb291-e06c-49a6-b7ea-9b03440f19c8:/item-0/item-0 childSize:0']
