- Executing click...
✔ click at (796, 72)
- Dumping layout…
before100 ['before-100 created=100 live=100 peak=100 firstVisibleMs=42 images=0/0 pending=0 peak=0 failed=0 files=0'] []
- Executing click...
✔ click at (1875, 72)
- Dumping layout…
after100 ['after-100 created=7 live=7 peak=7 firstVisibleMs=29 images=0/0 pending=0 peak=0 failed=0 files=0'] []
- Executing click...
✔ click at (1135, 72)
- Dumping layout…
before1000 ['before-1000 created=1000 live=1000 peak=1000 firstVisibleMs=153 images=0/0 pending=0 peak=0 failed=0 files=0'] []
- Executing click...
✔ click at (2214, 72)
- Dumping layout…
after1000 ['after-1000 created=7 live=7 peak=7 firstVisibleMs=67 images=0/0 pending=0 peak=0 failed=0 files=0'] []
- Executing click...
✔ click at (1516, 72)
- Dumping layout…
before10000 ['before-10000 created=10000 live=10000 peak=10000 firstVisibleMs=2002 images=0/0 pending=0 peak=0 failed=0 files=0'] []
- Executing click...
✔ click at (2595, 72)
- Dumping layout…
after10000 ['after-10000 created=7 live=7 peak=7 firstVisibleMs=686 images=0/0 pending=0 peak=0 failed=0 files=0'] []
